

cisco4#terminal width 511
cisco4#terminal length 0
cisco4#
cisco4#
cisco4#dir flash:/jall_ns_config.txt
Directory of bootflash:/jall_ns_config.txt

   44  -rw-              124   Apr 2 2021 02:42:03 -07:00  jall_ns_config.txt

2885718016 bytes total (1757609984 bytes free)
cisco4#
cisco4#verify /md5 flash:/jall_ns_config.txt
.Done!
verify /md5 (bootflash:/jall_ns_config.txt) = da0091724abe2f0064bdc96dd3523c5d


cisco4#copy flash:/jall_ns_config.txt system:running-config
Destination filename [running-config]? 
%Error: Removing name-server 1.1.1.1 
%Error: Removing name-server 1.0.0.1 

124 bytes copied in 0.028 secs (4429 bytes/sec)
cisco4#
cisco4#
cisco4#
cisco4#
cisco4#show running-config | include ip domain name
ip domain name lasthop.io
cisco4#
cisco4#show running-config | include ip name-server
ip name-server 8.8.8.8 8.8.4.4
cisco4#
cisco4#exit
